Thu 03 Sep 2026 06:10:44 INFO  book-crossing
The number of users: 11018
Average actions of users: 2.2369065988926207
The number of items: 9059
Average actions of items: 2.72068889379554
The number of inters: 24644
The sparsity of the dataset: 99.97530959735107%
Remain Fields: ['entity_id', 'user_id', 'item_id', 'rating', 'head_id', 'relation_id', 'tail_id']
The number of entities: 77904
The number of relations: 27
The number of triples: 151500
The number of items that have been linked to KG: 9058
Thu 03 Sep 2026 06:10:45 INFO  [Training]: train_batch_size = [2048] train_neg_sample_args: [{'sample_num': 10, 'distribution': 'uniform', 'alpha': 1.0, 'dynamic': False, 'candidate_num': 0}]
Thu 03 Sep 2026 06:10:45 INFO  [Evaluation]: eval_batch_size = [4096] eval_args: [{'split': {'RS': [0.8, 0.1, 0.1]}, 'group_by': 'user', 'order': 'RO', 'mode': 'full'}]
Thu 03 Sep 2026 06:10:45 INFO  AdaKG(
  (message_drop): Dropout(p=0.2, inplace=False)
  (user_embedding): Embedding(11018, 64)
  (entity_embedding): Embedding(77904, 64)
  (relation_embedding): Embedding(28, 64)
  (mf_loss): BPRLoss()
  (reg_loss): EmbLoss()
)
Trainable parameters: 5692802
Thu 03 Sep 2026 06:10:53 INFO  epoch 0 training [time: 7.01s, train loss: 85.5919]
Thu 03 Sep 2026 06:10:53 INFO  epoch 0 evaluating [time: 0.73s, valid_score: 0.080400]
Thu 03 Sep 2026 06:10:53 INFO  valid result: 
recall@10 : 0.0804    mrr@10 : 0.0384    ndcg@10 : 0.0469    hit@10 : 0.0883    precision@10 : 0.0093
Thu 03 Sep 2026 06:10:54 INFO  Saving current: saved/AdaKG-Sep-03-2026_06-10-45.pth
Thu 03 Sep 2026 06:11:01 INFO  epoch 1 training [time: 6.56s, train loss: 76.5553]
Thu 03 Sep 2026 06:11:01 INFO  epoch 1 evaluating [time: 0.68s, valid_score: 0.099300]
Thu 03 Sep 2026 06:11:01 INFO  valid result: 
recall@10 : 0.0993    mrr@10 : 0.0455    ndcg@10 : 0.0567    hit@10 : 0.1087    precision@10 : 0.0113
Thu 03 Sep 2026 06:11:02 INFO  Saving current: saved/AdaKG-Sep-03-2026_06-10-45.pth
Thu 03 Sep 2026 06:11:09 INFO  epoch 2 training [time: 6.57s, train loss: 72.0793]
Thu 03 Sep 2026 06:11:09 INFO  epoch 2 evaluating [time: 0.71s, valid_score: 0.107600]
Thu 03 Sep 2026 06:11:09 INFO  valid result: 
recall@10 : 0.1076    mrr@10 : 0.0507    ndcg@10 : 0.0625    hit@10 : 0.1172    precision@10 : 0.0122
Thu 03 Sep 2026 06:11:10 INFO  Saving current: saved/AdaKG-Sep-03-2026_06-10-45.pth
Thu 03 Sep 2026 06:11:17 INFO  epoch 3 training [time: 6.57s, train loss: 69.3134]
Thu 03 Sep 2026 06:11:17 INFO  epoch 3 evaluating [time: 0.67s, valid_score: 0.109300]
Thu 03 Sep 2026 06:11:17 INFO  valid result: 
recall@10 : 0.1093    mrr@10 : 0.0525    ndcg@10 : 0.0643    hit@10 : 0.1183    precision@10 : 0.0124
Thu 03 Sep 2026 06:11:18 INFO  Saving current: saved/AdaKG-Sep-03-2026_06-10-45.pth
Thu 03 Sep 2026 06:11:25 INFO  epoch 4 training [time: 6.56s, train loss: 67.4171]
Thu 03 Sep 2026 06:11:25 INFO  epoch 4 evaluating [time: 0.67s, valid_score: 0.111500]
Thu 03 Sep 2026 06:11:25 INFO  valid result: 
recall@10 : 0.1115    mrr@10 : 0.0536    ndcg@10 : 0.0658    hit@10 : 0.121    precision@10 : 0.0126
Thu 03 Sep 2026 06:11:26 INFO  Saving current: saved/AdaKG-Sep-03-2026_06-10-45.pth
Thu 03 Sep 2026 06:11:33 INFO  epoch 5 training [time: 6.57s, train loss: 66.0320]
Thu 03 Sep 2026 06:11:33 INFO  epoch 5 evaluating [time: 0.67s, valid_score: 0.113400]
Thu 03 Sep 2026 06:11:33 INFO  valid result: 
recall@10 : 0.1134    mrr@10 : 0.0536    ndcg@10 : 0.0661    hit@10 : 0.1226    precision@10 : 0.0128
Thu 03 Sep 2026 06:11:34 INFO  Saving current: saved/AdaKG-Sep-03-2026_06-10-45.pth
Thu 03 Sep 2026 06:11:41 INFO  epoch 6 training [time: 6.57s, train loss: 64.9543]
Thu 03 Sep 2026 06:11:41 INFO  epoch 6 evaluating [time: 0.67s, valid_score: 0.115100]
Thu 03 Sep 2026 06:11:41 INFO  valid result: 
recall@10 : 0.1151    mrr@10 : 0.0538    ndcg@10 : 0.0669    hit@10 : 0.1247    precision@10 : 0.013
Thu 03 Sep 2026 06:11:42 INFO  Saving current: saved/AdaKG-Sep-03-2026_06-10-45.pth
Thu 03 Sep 2026 06:11:49 INFO  epoch 7 training [time: 6.58s, train loss: 64.0928]
Thu 03 Sep 2026 06:11:49 INFO  epoch 7 evaluating [time: 0.68s, valid_score: 0.113500]
Thu 03 Sep 2026 06:11:49 INFO  valid result: 
recall@10 : 0.1135    mrr@10 : 0.0554    ndcg@10 : 0.0676    hit@10 : 0.1231    precision@10 : 0.0128
Thu 03 Sep 2026 06:11:56 INFO  epoch 8 training [time: 6.56s, train loss: 63.3412]
Thu 03 Sep 2026 06:11:56 INFO  epoch 8 evaluating [time: 0.67s, valid_score: 0.117400]
Thu 03 Sep 2026 06:11:56 INFO  valid result: 
recall@10 : 0.1174    mrr@10 : 0.0542    ndcg@10 : 0.0678    hit@10 : 0.1274    precision@10 : 0.0132
Thu 03 Sep 2026 06:11:57 INFO  Saving current: saved/AdaKG-Sep-03-2026_06-10-45.pth
Thu 03 Sep 2026 06:12:04 INFO  epoch 9 training [time: 6.57s, train loss: 62.6985]
Thu 03 Sep 2026 06:12:04 INFO  epoch 9 evaluating [time: 0.67s, valid_score: 0.118900]
Thu 03 Sep 2026 06:12:04 INFO  valid result: 
recall@10 : 0.1189    mrr@10 : 0.0546    ndcg@10 : 0.0685    hit@10 : 0.1285    precision@10 : 0.0133
Thu 03 Sep 2026 06:12:05 INFO  Saving current: saved/AdaKG-Sep-03-2026_06-10-45.pth
Thu 03 Sep 2026 06:12:12 INFO  epoch 10 training [time: 6.58s, train loss: 62.1323]
Thu 03 Sep 2026 06:12:12 INFO  epoch 10 evaluating [time: 0.67s, valid_score: 0.119900]
Thu 03 Sep 2026 06:12:12 INFO  valid result: 
recall@10 : 0.1199    mrr@10 : 0.0547    ndcg@10 : 0.0687    hit@10 : 0.1296    precision@10 : 0.0134
Thu 03 Sep 2026 06:12:13 INFO  Saving current: saved/AdaKG-Sep-03-2026_06-10-45.pth
Thu 03 Sep 2026 06:12:20 INFO  epoch 11 training [time: 6.57s, train loss: 61.5783]
Thu 03 Sep 2026 06:12:20 INFO  epoch 11 evaluating [time: 0.67s, valid_score: 0.120900]
Thu 03 Sep 2026 06:12:20 INFO  valid result: 
recall@10 : 0.1209    mrr@10 : 0.0547    ndcg@10 : 0.0689    hit@10 : 0.1301    precision@10 : 0.0135
Thu 03 Sep 2026 06:12:21 INFO  Saving current: saved/AdaKG-Sep-03-2026_06-10-45.pth
Thu 03 Sep 2026 06:12:28 INFO  epoch 12 training [time: 6.57s, train loss: 61.1030]
Thu 03 Sep 2026 06:12:28 INFO  epoch 12 evaluating [time: 0.68s, valid_score: 0.121500]
Thu 03 Sep 2026 06:12:28 INFO  valid result: 
recall@10 : 0.1215    mrr@10 : 0.0568    ndcg@10 : 0.0705    hit@10 : 0.1312    precision@10 : 0.0136
Thu 03 Sep 2026 06:12:29 INFO  Saving current: saved/AdaKG-Sep-03-2026_06-10-45.pth
Thu 03 Sep 2026 06:12:36 INFO  epoch 13 training [time: 6.58s, train loss: 60.6199]
Thu 03 Sep 2026 06:12:36 INFO  epoch 13 evaluating [time: 0.68s, valid_score: 0.120700]
Thu 03 Sep 2026 06:12:36 INFO  valid result: 
recall@10 : 0.1207    mrr@10 : 0.0553    ndcg@10 : 0.0692    hit@10 : 0.1296    precision@10 : 0.0135
Thu 03 Sep 2026 06:12:43 INFO  epoch 14 training [time: 6.56s, train loss: 60.1797]
Thu 03 Sep 2026 06:12:44 INFO  epoch 14 evaluating [time: 0.67s, valid_score: 0.122100]
Thu 03 Sep 2026 06:12:44 INFO  valid result: 
recall@10 : 0.1221    mrr@10 : 0.0576    ndcg@10 : 0.071    hit@10 : 0.1322    precision@10 : 0.0138
Thu 03 Sep 2026 06:12:44 INFO  Saving current: saved/AdaKG-Sep-03-2026_06-10-45.pth
Thu 03 Sep 2026 06:12:51 INFO  epoch 15 training [time: 6.58s, train loss: 59.7257]
Thu 03 Sep 2026 06:12:52 INFO  epoch 15 evaluating [time: 0.68s, valid_score: 0.121000]
Thu 03 Sep 2026 06:12:52 INFO  valid result: 
recall@10 : 0.121    mrr@10 : 0.0569    ndcg@10 : 0.0705    hit@10 : 0.1312    precision@10 : 0.0137
Thu 03 Sep 2026 06:12:58 INFO  epoch 16 training [time: 6.57s, train loss: 59.2989]
Thu 03 Sep 2026 06:12:59 INFO  epoch 16 evaluating [time: 0.68s, valid_score: 0.121000]
Thu 03 Sep 2026 06:12:59 INFO  valid result: 
recall@10 : 0.121    mrr@10 : 0.0568    ndcg@10 : 0.0705    hit@10 : 0.1296    precision@10 : 0.0136
Thu 03 Sep 2026 06:13:05 INFO  epoch 17 training [time: 6.57s, train loss: 58.8944]
Thu 03 Sep 2026 06:13:06 INFO  epoch 17 evaluating [time: 0.67s, valid_score: 0.124800]
Thu 03 Sep 2026 06:13:06 INFO  valid result: 
recall@10 : 0.1248    mrr@10 : 0.0573    ndcg@10 : 0.0717    hit@10 : 0.1349    precision@10 : 0.0141
Thu 03 Sep 2026 06:13:07 INFO  Saving current: saved/AdaKG-Sep-03-2026_06-10-45.pth
Thu 03 Sep 2026 06:13:13 INFO  epoch 18 training [time: 6.58s, train loss: 58.4502]
Thu 03 Sep 2026 06:13:14 INFO  epoch 18 evaluating [time: 0.68s, valid_score: 0.123600]
Thu 03 Sep 2026 06:13:14 INFO  valid result: 
recall@10 : 0.1236    mrr@10 : 0.056    ndcg@10 : 0.0704    hit@10 : 0.1328    precision@10 : 0.0139
Thu 03 Sep 2026 06:13:21 INFO  epoch 19 training [time: 6.59s, train loss: 58.0541]
Thu 03 Sep 2026 06:13:21 INFO  epoch 19 evaluating [time: 0.69s, valid_score: 0.125200]
Thu 03 Sep 2026 06:13:21 INFO  valid result: 
recall@10 : 0.1252    mrr@10 : 0.0557    ndcg@10 : 0.0706    hit@10 : 0.1344    precision@10 : 0.0141
Thu 03 Sep 2026 06:13:22 INFO  Saving current: saved/AdaKG-Sep-03-2026_06-10-45.pth
Thu 03 Sep 2026 06:13:29 INFO  epoch 20 training [time: 6.93s, train loss: 57.6332]
Thu 03 Sep 2026 06:13:30 INFO  epoch 20 evaluating [time: 0.70s, valid_score: 0.121700]
Thu 03 Sep 2026 06:13:30 INFO  valid result: 
recall@10 : 0.1217    mrr@10 : 0.0554    ndcg@10 : 0.0697    hit@10 : 0.1312    precision@10 : 0.0138
Thu 03 Sep 2026 06:13:36 INFO  epoch 21 training [time: 6.60s, train loss: 57.2119]
Thu 03 Sep 2026 06:13:37 INFO  epoch 21 evaluating [time: 0.68s, valid_score: 0.123600]
Thu 03 Sep 2026 06:13:37 INFO  valid result: 
recall@10 : 0.1236    mrr@10 : 0.0554    ndcg@10 : 0.0701    hit@10 : 0.1328    precision@10 : 0.0139
Thu 03 Sep 2026 06:13:44 INFO  epoch 22 training [time: 6.56s, train loss: 56.7880]
Thu 03 Sep 2026 06:13:44 INFO  epoch 22 evaluating [time: 0.67s, valid_score: 0.120800]
Thu 03 Sep 2026 06:13:44 INFO  valid result: 
recall@10 : 0.1208    mrr@10 : 0.0556    ndcg@10 : 0.0696    hit@10 : 0.1296    precision@10 : 0.0136
Thu 03 Sep 2026 06:13:51 INFO  epoch 23 training [time: 6.56s, train loss: 56.3850]
Thu 03 Sep 2026 06:13:51 INFO  epoch 23 evaluating [time: 0.68s, valid_score: 0.125500]
Thu 03 Sep 2026 06:13:51 INFO  valid result: 
recall@10 : 0.1255    mrr@10 : 0.0557    ndcg@10 : 0.0706    hit@10 : 0.1344    precision@10 : 0.0142
Thu 03 Sep 2026 06:13:52 INFO  Saving current: saved/AdaKG-Sep-03-2026_06-10-45.pth
Thu 03 Sep 2026 06:13:59 INFO  epoch 24 training [time: 6.58s, train loss: 55.9593]
Thu 03 Sep 2026 06:13:59 INFO  epoch 24 evaluating [time: 0.68s, valid_score: 0.120400]
Thu 03 Sep 2026 06:13:59 INFO  valid result: 
recall@10 : 0.1204    mrr@10 : 0.0558    ndcg@10 : 0.0695    hit@10 : 0.1296    precision@10 : 0.0136
Thu 03 Sep 2026 06:14:06 INFO  epoch 25 training [time: 6.59s, train loss: 55.5465]
Thu 03 Sep 2026 06:14:07 INFO  epoch 25 evaluating [time: 0.68s, valid_score: 0.120500]
Thu 03 Sep 2026 06:14:07 INFO  valid result: 
recall@10 : 0.1205    mrr@10 : 0.0568    ndcg@10 : 0.0702    hit@10 : 0.1296    precision@10 : 0.0135
Thu 03 Sep 2026 06:14:13 INFO  epoch 26 training [time: 6.58s, train loss: 55.1165]
Thu 03 Sep 2026 06:14:14 INFO  epoch 26 evaluating [time: 0.68s, valid_score: 0.121300]
Thu 03 Sep 2026 06:14:14 INFO  valid result: 
recall@10 : 0.1213    mrr@10 : 0.0559    ndcg@10 : 0.0698    hit@10 : 0.1306    precision@10 : 0.0138
Thu 03 Sep 2026 06:14:21 INFO  epoch 27 training [time: 6.65s, train loss: 54.6714]
Thu 03 Sep 2026 06:14:21 INFO  epoch 27 evaluating [time: 0.69s, valid_score: 0.118400]
Thu 03 Sep 2026 06:14:21 INFO  valid result: 
recall@10 : 0.1184    mrr@10 : 0.057    ndcg@10 : 0.07    hit@10 : 0.1274    precision@10 : 0.0134
Thu 03 Sep 2026 06:14:28 INFO  epoch 28 training [time: 6.59s, train loss: 54.2199]
Thu 03 Sep 2026 06:14:29 INFO  epoch 28 evaluating [time: 0.68s, valid_score: 0.118000]
Thu 03 Sep 2026 06:14:29 INFO  valid result: 
recall@10 : 0.118    mrr@10 : 0.0556    ndcg@10 : 0.0687    hit@10 : 0.1269    precision@10 : 0.0134
Thu 03 Sep 2026 06:14:35 INFO  epoch 29 training [time: 6.58s, train loss: 53.7756]
Thu 03 Sep 2026 06:14:36 INFO  epoch 29 evaluating [time: 0.67s, valid_score: 0.115800]
Thu 03 Sep 2026 06:14:36 INFO  valid result: 
recall@10 : 0.1158    mrr@10 : 0.0547    ndcg@10 : 0.0677    hit@10 : 0.1247    precision@10 : 0.0131
Thu 03 Sep 2026 06:14:42 INFO  epoch 30 training [time: 6.57s, train loss: 53.3472]
Thu 03 Sep 2026 06:14:43 INFO  epoch 30 evaluating [time: 0.68s, valid_score: 0.116000]
Thu 03 Sep 2026 06:14:43 INFO  valid result: 
recall@10 : 0.116    mrr@10 : 0.056    ndcg@10 : 0.0685    hit@10 : 0.1253    precision@10 : 0.0133
Thu 03 Sep 2026 06:14:50 INFO  epoch 31 training [time: 6.56s, train loss: 52.8833]
Thu 03 Sep 2026 06:14:50 INFO  epoch 31 evaluating [time: 0.68s, valid_score: 0.118500]
Thu 03 Sep 2026 06:14:50 INFO  valid result: 
recall@10 : 0.1185    mrr@10 : 0.0562    ndcg@10 : 0.0694    hit@10 : 0.1279    precision@10 : 0.0135
Thu 03 Sep 2026 06:14:57 INFO  epoch 32 training [time: 6.56s, train loss: 52.4097]
Thu 03 Sep 2026 06:14:58 INFO  epoch 32 evaluating [time: 0.68s, valid_score: 0.116100]
Thu 03 Sep 2026 06:14:58 INFO  valid result: 
recall@10 : 0.1161    mrr@10 : 0.0543    ndcg@10 : 0.0671    hit@10 : 0.1258    precision@10 : 0.0132
Thu 03 Sep 2026 06:15:04 INFO  epoch 33 training [time: 6.57s, train loss: 51.9344]
Thu 03 Sep 2026 06:15:05 INFO  epoch 33 evaluating [time: 0.67s, valid_score: 0.120900]
Thu 03 Sep 2026 06:15:05 INFO  valid result: 
recall@10 : 0.1209    mrr@10 : 0.0532    ndcg@10 : 0.0678    hit@10 : 0.1301    precision@10 : 0.0136
Thu 03 Sep 2026 06:15:11 INFO  epoch 34 training [time: 6.57s, train loss: 51.4333]
Thu 03 Sep 2026 06:15:12 INFO  epoch 34 evaluating [time: 0.68s, valid_score: 0.118100]
Thu 03 Sep 2026 06:15:12 INFO  valid result: 
recall@10 : 0.1181    mrr@10 : 0.0555    ndcg@10 : 0.0686    hit@10 : 0.1285    precision@10 : 0.0134
Thu 03 Sep 2026 06:15:19 INFO  epoch 35 training [time: 6.56s, train loss: 50.9263]
Thu 03 Sep 2026 06:15:19 INFO  epoch 35 evaluating [time: 0.67s, valid_score: 0.117500]
Thu 03 Sep 2026 06:15:19 INFO  valid result: 
recall@10 : 0.1175    mrr@10 : 0.0543    ndcg@10 : 0.0676    hit@10 : 0.1279    precision@10 : 0.0133
Thu 03 Sep 2026 06:15:26 INFO  epoch 36 training [time: 6.57s, train loss: 50.4503]
Thu 03 Sep 2026 06:15:26 INFO  epoch 36 evaluating [time: 0.68s, valid_score: 0.119600]
Thu 03 Sep 2026 06:15:26 INFO  valid result: 
recall@10 : 0.1196    mrr@10 : 0.0556    ndcg@10 : 0.0688    hit@10 : 0.1296    precision@10 : 0.0135
Thu 03 Sep 2026 06:15:33 INFO  epoch 37 training [time: 6.58s, train loss: 49.9269]
Thu 03 Sep 2026 06:15:34 INFO  epoch 37 evaluating [time: 0.68s, valid_score: 0.120500]
Thu 03 Sep 2026 06:15:34 INFO  valid result: 
recall@10 : 0.1205    mrr@10 : 0.0549    ndcg@10 : 0.0688    hit@10 : 0.1301    precision@10 : 0.0136
Thu 03 Sep 2026 06:15:40 INFO  epoch 38 training [time: 6.59s, train loss: 49.4063]
Thu 03 Sep 2026 06:15:41 INFO  epoch 38 evaluating [time: 0.68s, valid_score: 0.115900]
Thu 03 Sep 2026 06:15:41 INFO  valid result: 
recall@10 : 0.1159    mrr@10 : 0.054    ndcg@10 : 0.067    hit@10 : 0.1258    precision@10 : 0.0131
Thu 03 Sep 2026 06:15:48 INFO  epoch 39 training [time: 6.65s, train loss: 48.8864]
Thu 03 Sep 2026 06:15:48 INFO  epoch 39 evaluating [time: 0.70s, valid_score: 0.119100]
Thu 03 Sep 2026 06:15:48 INFO  valid result: 
recall@10 : 0.1191    mrr@10 : 0.0527    ndcg@10 : 0.0671    hit@10 : 0.1279    precision@10 : 0.0134
Thu 03 Sep 2026 06:15:55 INFO  epoch 40 training [time: 6.95s, train loss: 48.3714]
Thu 03 Sep 2026 06:15:56 INFO  epoch 40 evaluating [time: 0.69s, valid_score: 0.116000]
Thu 03 Sep 2026 06:15:56 INFO  valid result: 
recall@10 : 0.116    mrr@10 : 0.0516    ndcg@10 : 0.0652    hit@10 : 0.1258    precision@10 : 0.0131
Thu 03 Sep 2026 06:16:03 INFO  epoch 41 training [time: 6.92s, train loss: 47.8242]
Thu 03 Sep 2026 06:16:04 INFO  epoch 41 evaluating [time: 0.70s, valid_score: 0.115000]
Thu 03 Sep 2026 06:16:04 INFO  valid result: 
recall@10 : 0.115    mrr@10 : 0.0512    ndcg@10 : 0.0649    hit@10 : 0.1242    precision@10 : 0.013
Thu 03 Sep 2026 06:16:11 INFO  epoch 42 training [time: 6.93s, train loss: 47.2691]
Thu 03 Sep 2026 06:16:11 INFO  epoch 42 evaluating [time: 0.69s, valid_score: 0.116100]
Thu 03 Sep 2026 06:16:11 INFO  valid result: 
recall@10 : 0.1161    mrr@10 : 0.0513    ndcg@10 : 0.0648    hit@10 : 0.1258    precision@10 : 0.0131
Thu 03 Sep 2026 06:16:18 INFO  epoch 43 training [time: 6.95s, train loss: 46.7290]
Thu 03 Sep 2026 06:16:19 INFO  epoch 43 evaluating [time: 0.70s, valid_score: 0.113900]
Thu 03 Sep 2026 06:16:19 INFO  valid result: 
recall@10 : 0.1139    mrr@10 : 0.0517    ndcg@10 : 0.0644    hit@10 : 0.1237    precision@10 : 0.0128
Thu 03 Sep 2026 06:16:26 INFO  epoch 44 training [time: 6.89s, train loss: 46.1951]
Thu 03 Sep 2026 06:16:26 INFO  epoch 44 evaluating [time: 0.68s, valid_score: 0.113800]
Thu 03 Sep 2026 06:16:26 INFO  valid result: 
recall@10 : 0.1138    mrr@10 : 0.0517    ndcg@10 : 0.0647    hit@10 : 0.1242    precision@10 : 0.013
Thu 03 Sep 2026 06:16:26 INFO  Finished training, best eval result in epoch 23
Thu 03 Sep 2026 06:16:27 INFO  Loading model structure and parameters from saved/AdaKG-Sep-03-2026_06-10-45.pth
Thu 03 Sep 2026 06:16:28 INFO  [BEST-VALID] : OrderedDict([('recall@10', 0.1255), ('mrr@10', 0.0557), ('ndcg@10', 0.0706), ('hit@10', 0.1344), ('precision@10', 0.0142)]) (score=0.125500)
Thu 03 Sep 2026 06:16:28 INFO  [TEST] : OrderedDict([('recall@10', 0.1116), ('mrr@10', 0.0586), ('ndcg@10', 0.0697), ('hit@10', 0.1174), ('precision@10', 0.0121)])
