Thu 03 Sep 2026 06:10:35 INFO  Amazon-book
The number of users: 20347
Average actions of users: 11.516907500245749
The number of items: 4230
Average actions of items: 55.40860723575313
The number of inters: 234323
The sparsity of the dataset: 99.7277460644113%
Remain Fields: ['entity_id', 'user_id', 'item_id', 'rating', 'head_id', 'relation_id', 'tail_id']
The number of entities: 12230
The number of relations: 21
The number of triples: 46522
The number of items that have been linked to KG: 4229
Thu 03 Sep 2026 06:10:36 INFO  [Training]: train_batch_size = [2048] train_neg_sample_args: [{'sample_num': 10, 'distribution': 'uniform', 'alpha': 1.0, 'dynamic': False, 'candidate_num': 0}]
Thu 03 Sep 2026 06:10:36 INFO  [Evaluation]: eval_batch_size = [4096] eval_args: [{'split': {'RS': [0.8, 0.1, 0.1]}, 'group_by': 'user', 'order': 'RO', 'mode': 'full'}]
Thu 03 Sep 2026 06:10:36 INFO  AdaKG(
  (message_drop): Dropout(p=0.2, inplace=False)
  (user_embedding): Embedding(20347, 64)
  (entity_embedding): Embedding(12230, 64)
  (relation_embedding): Embedding(22, 64)
  (mf_loss): BPRLoss()
  (reg_loss): EmbLoss()
)
Trainable parameters: 2086338
Thu 03 Sep 2026 06:10:53 INFO  epoch 0 training [time: 16.70s, train loss: 730.1141]
Thu 03 Sep 2026 06:11:01 INFO  epoch 0 evaluating [time: 7.13s, valid_score: 0.191300]
Thu 03 Sep 2026 06:11:01 INFO  valid result: 
recall@10 : 0.1913    mrr@10 : 0.0987    ndcg@10 : 0.1138    hit@10 : 0.224    precision@10 : 0.0239
Thu 03 Sep 2026 06:11:01 INFO  Saving current: saved/AdaKG-Sep-03-2026_06-10-36.pth
Thu 03 Sep 2026 06:11:17 INFO  epoch 1 training [time: 16.37s, train loss: 631.1649]
Thu 03 Sep 2026 06:11:25 INFO  epoch 1 evaluating [time: 7.18s, valid_score: 0.187000]
Thu 03 Sep 2026 06:11:25 INFO  valid result: 
recall@10 : 0.187    mrr@10 : 0.0921    ndcg@10 : 0.1078    hit@10 : 0.2194    precision@10 : 0.0233
Thu 03 Sep 2026 06:11:41 INFO  epoch 2 training [time: 16.36s, train loss: 491.4978]
Thu 03 Sep 2026 06:11:48 INFO  epoch 2 evaluating [time: 7.15s, valid_score: 0.200000]
Thu 03 Sep 2026 06:11:48 INFO  valid result: 
recall@10 : 0.2    mrr@10 : 0.1006    ndcg@10 : 0.1167    hit@10 : 0.2345    precision@10 : 0.025
Thu 03 Sep 2026 06:11:48 INFO  Saving current: saved/AdaKG-Sep-03-2026_06-10-36.pth
Thu 03 Sep 2026 06:12:05 INFO  epoch 3 training [time: 16.53s, train loss: 365.2145]
Thu 03 Sep 2026 06:12:12 INFO  epoch 3 evaluating [time: 7.21s, valid_score: 0.207800]
Thu 03 Sep 2026 06:12:12 INFO  valid result: 
recall@10 : 0.2078    mrr@10 : 0.1067    ndcg@10 : 0.1227    hit@10 : 0.2438    precision@10 : 0.0261
Thu 03 Sep 2026 06:12:13 INFO  Saving current: saved/AdaKG-Sep-03-2026_06-10-36.pth
Thu 03 Sep 2026 06:12:29 INFO  epoch 4 training [time: 16.44s, train loss: 297.2856]
Thu 03 Sep 2026 06:12:36 INFO  epoch 4 evaluating [time: 7.24s, valid_score: 0.215400]
Thu 03 Sep 2026 06:12:36 INFO  valid result: 
recall@10 : 0.2154    mrr@10 : 0.1104    ndcg@10 : 0.1271    hit@10 : 0.2527    precision@10 : 0.0271
Thu 03 Sep 2026 06:12:36 INFO  Saving current: saved/AdaKG-Sep-03-2026_06-10-36.pth
Thu 03 Sep 2026 06:12:53 INFO  epoch 5 training [time: 16.63s, train loss: 263.5024]
Thu 03 Sep 2026 06:13:00 INFO  epoch 5 evaluating [time: 7.30s, valid_score: 0.218000]
Thu 03 Sep 2026 06:13:00 INFO  valid result: 
recall@10 : 0.218    mrr@10 : 0.1125    ndcg@10 : 0.1293    hit@10 : 0.2564    precision@10 : 0.0276
Thu 03 Sep 2026 06:13:01 INFO  Saving current: saved/AdaKG-Sep-03-2026_06-10-36.pth
Thu 03 Sep 2026 06:13:17 INFO  epoch 6 training [time: 16.53s, train loss: 244.1065]
Thu 03 Sep 2026 06:13:24 INFO  epoch 6 evaluating [time: 7.19s, valid_score: 0.219300]
Thu 03 Sep 2026 06:13:24 INFO  valid result: 
recall@10 : 0.2193    mrr@10 : 0.1136    ndcg@10 : 0.1304    hit@10 : 0.2585    precision@10 : 0.0278
Thu 03 Sep 2026 06:13:25 INFO  Saving current: saved/AdaKG-Sep-03-2026_06-10-36.pth
Thu 03 Sep 2026 06:13:42 INFO  epoch 7 training [time: 17.16s, train loss: 232.1018]
Thu 03 Sep 2026 06:13:49 INFO  epoch 7 evaluating [time: 7.24s, valid_score: 0.217400]
Thu 03 Sep 2026 06:13:49 INFO  valid result: 
recall@10 : 0.2174    mrr@10 : 0.1137    ndcg@10 : 0.1301    hit@10 : 0.2565    precision@10 : 0.0277
Thu 03 Sep 2026 06:14:06 INFO  epoch 8 training [time: 16.99s, train loss: 224.2702]
Thu 03 Sep 2026 06:14:13 INFO  epoch 8 evaluating [time: 7.11s, valid_score: 0.216600]
Thu 03 Sep 2026 06:14:13 INFO  valid result: 
recall@10 : 0.2166    mrr@10 : 0.1139    ndcg@10 : 0.1301    hit@10 : 0.2559    precision@10 : 0.0277
Thu 03 Sep 2026 06:14:30 INFO  epoch 9 training [time: 16.97s, train loss: 219.3629]
Thu 03 Sep 2026 06:14:37 INFO  epoch 9 evaluating [time: 7.14s, valid_score: 0.212500]
Thu 03 Sep 2026 06:14:37 INFO  valid result: 
recall@10 : 0.2125    mrr@10 : 0.1126    ndcg@10 : 0.1282    hit@10 : 0.2523    precision@10 : 0.0273
Thu 03 Sep 2026 06:14:54 INFO  epoch 10 training [time: 16.98s, train loss: 216.1130]
Thu 03 Sep 2026 06:15:01 INFO  epoch 10 evaluating [time: 7.12s, valid_score: 0.209400]
Thu 03 Sep 2026 06:15:01 INFO  valid result: 
recall@10 : 0.2094    mrr@10 : 0.1113    ndcg@10 : 0.1267    hit@10 : 0.2484    precision@10 : 0.0269
Thu 03 Sep 2026 06:15:18 INFO  epoch 11 training [time: 16.93s, train loss: 214.0818]
Thu 03 Sep 2026 06:15:26 INFO  epoch 11 evaluating [time: 7.11s, valid_score: 0.205600]
Thu 03 Sep 2026 06:15:26 INFO  valid result: 
recall@10 : 0.2056    mrr@10 : 0.1089    ndcg@10 : 0.1241    hit@10 : 0.2439    precision@10 : 0.0265
Thu 03 Sep 2026 06:15:42 INFO  epoch 12 training [time: 16.87s, train loss: 212.7912]
Thu 03 Sep 2026 06:15:49 INFO  epoch 12 evaluating [time: 7.12s, valid_score: 0.201400]
Thu 03 Sep 2026 06:15:49 INFO  valid result: 
recall@10 : 0.2014    mrr@10 : 0.1076    ndcg@10 : 0.1221    hit@10 : 0.2395    precision@10 : 0.026
Thu 03 Sep 2026 06:16:06 INFO  epoch 13 training [time: 16.88s, train loss: 212.0912]
Thu 03 Sep 2026 06:16:14 INFO  epoch 13 evaluating [time: 7.13s, valid_score: 0.199100]
Thu 03 Sep 2026 06:16:14 INFO  valid result: 
recall@10 : 0.1991    mrr@10 : 0.1059    ndcg@10 : 0.1205    hit@10 : 0.2371    precision@10 : 0.0258
Thu 03 Sep 2026 06:16:30 INFO  epoch 14 training [time: 16.19s, train loss: 211.7045]
Thu 03 Sep 2026 06:16:37 INFO  epoch 14 evaluating [time: 7.15s, valid_score: 0.195500]
Thu 03 Sep 2026 06:16:37 INFO  valid result: 
recall@10 : 0.1955    mrr@10 : 0.1044    ndcg@10 : 0.1187    hit@10 : 0.2332    precision@10 : 0.0253
Thu 03 Sep 2026 06:16:53 INFO  epoch 15 training [time: 16.24s, train loss: 211.5253]
Thu 03 Sep 2026 06:17:00 INFO  epoch 15 evaluating [time: 7.13s, valid_score: 0.192400]
Thu 03 Sep 2026 06:17:00 INFO  valid result: 
recall@10 : 0.1924    mrr@10 : 0.102    ndcg@10 : 0.1161    hit@10 : 0.2299    precision@10 : 0.0249
Thu 03 Sep 2026 06:17:16 INFO  epoch 16 training [time: 16.25s, train loss: 211.4827]
Thu 03 Sep 2026 06:17:24 INFO  epoch 16 evaluating [time: 7.12s, valid_score: 0.190200]
Thu 03 Sep 2026 06:17:24 INFO  valid result: 
recall@10 : 0.1902    mrr@10 : 0.1008    ndcg@10 : 0.1147    hit@10 : 0.2272    precision@10 : 0.0246
Thu 03 Sep 2026 06:17:40 INFO  epoch 17 training [time: 16.19s, train loss: 211.3723]
Thu 03 Sep 2026 06:17:47 INFO  epoch 17 evaluating [time: 7.15s, valid_score: 0.186400]
Thu 03 Sep 2026 06:17:47 INFO  valid result: 
recall@10 : 0.1864    mrr@10 : 0.0995    ndcg@10 : 0.1126    hit@10 : 0.2232    precision@10 : 0.0241
Thu 03 Sep 2026 06:18:04 INFO  epoch 18 training [time: 16.84s, train loss: 211.6184]
Thu 03 Sep 2026 06:18:11 INFO  epoch 18 evaluating [time: 7.22s, valid_score: 0.183800]
Thu 03 Sep 2026 06:18:11 INFO  valid result: 
recall@10 : 0.1838    mrr@10 : 0.0976    ndcg@10 : 0.1108    hit@10 : 0.2207    precision@10 : 0.0238
Thu 03 Sep 2026 06:18:28 INFO  epoch 19 training [time: 16.91s, train loss: 211.6997]
Thu 03 Sep 2026 06:18:35 INFO  epoch 19 evaluating [time: 7.10s, valid_score: 0.179900]
Thu 03 Sep 2026 06:18:35 INFO  valid result: 
recall@10 : 0.1799    mrr@10 : 0.0959    ndcg@10 : 0.1085    hit@10 : 0.2165    precision@10 : 0.0234
Thu 03 Sep 2026 06:18:52 INFO  epoch 20 training [time: 16.58s, train loss: 211.8703]
Thu 03 Sep 2026 06:18:59 INFO  epoch 20 evaluating [time: 7.12s, valid_score: 0.177500]
Thu 03 Sep 2026 06:18:59 INFO  valid result: 
recall@10 : 0.1775    mrr@10 : 0.0945    ndcg@10 : 0.1071    hit@10 : 0.2138    precision@10 : 0.0231
Thu 03 Sep 2026 06:19:15 INFO  epoch 21 training [time: 16.15s, train loss: 211.8921]
Thu 03 Sep 2026 06:19:22 INFO  epoch 21 evaluating [time: 7.05s, valid_score: 0.174700]
Thu 03 Sep 2026 06:19:22 INFO  valid result: 
recall@10 : 0.1747    mrr@10 : 0.0936    ndcg@10 : 0.1057    hit@10 : 0.2108    precision@10 : 0.0227
Thu 03 Sep 2026 06:19:38 INFO  epoch 22 training [time: 16.30s, train loss: 212.0396]
Thu 03 Sep 2026 06:19:45 INFO  epoch 22 evaluating [time: 7.09s, valid_score: 0.172200]
Thu 03 Sep 2026 06:19:45 INFO  valid result: 
recall@10 : 0.1722    mrr@10 : 0.0917    ndcg@10 : 0.1038    hit@10 : 0.208    precision@10 : 0.0224
Thu 03 Sep 2026 06:20:02 INFO  epoch 23 training [time: 16.84s, train loss: 212.0770]
Thu 03 Sep 2026 06:20:09 INFO  epoch 23 evaluating [time: 7.16s, valid_score: 0.169300]
Thu 03 Sep 2026 06:20:09 INFO  valid result: 
recall@10 : 0.1693    mrr@10 : 0.0908    ndcg@10 : 0.1025    hit@10 : 0.2045    precision@10 : 0.0221
Thu 03 Sep 2026 06:20:26 INFO  epoch 24 training [time: 16.98s, train loss: 212.2097]
Thu 03 Sep 2026 06:20:33 INFO  epoch 24 evaluating [time: 7.08s, valid_score: 0.168000]
Thu 03 Sep 2026 06:20:33 INFO  valid result: 
recall@10 : 0.168    mrr@10 : 0.0898    ndcg@10 : 0.1014    hit@10 : 0.2028    precision@10 : 0.0219
Thu 03 Sep 2026 06:20:50 INFO  epoch 25 training [time: 16.91s, train loss: 212.2708]
Thu 03 Sep 2026 06:20:57 INFO  epoch 25 evaluating [time: 7.13s, valid_score: 0.167700]
Thu 03 Sep 2026 06:20:57 INFO  valid result: 
recall@10 : 0.1677    mrr@10 : 0.0893    ndcg@10 : 0.1008    hit@10 : 0.2024    precision@10 : 0.0219
Thu 03 Sep 2026 06:21:14 INFO  epoch 26 training [time: 16.29s, train loss: 212.3967]
Thu 03 Sep 2026 06:21:21 INFO  epoch 26 evaluating [time: 7.12s, valid_score: 0.164700]
Thu 03 Sep 2026 06:21:21 INFO  valid result: 
recall@10 : 0.1647    mrr@10 : 0.0875    ndcg@10 : 0.0991    hit@10 : 0.1995    precision@10 : 0.0216
Thu 03 Sep 2026 06:21:37 INFO  epoch 27 training [time: 16.17s, train loss: 212.3135]
Thu 03 Sep 2026 06:21:44 INFO  epoch 27 evaluating [time: 7.17s, valid_score: 0.164300]
Thu 03 Sep 2026 06:21:44 INFO  valid result: 
recall@10 : 0.1643    mrr@10 : 0.0867    ndcg@10 : 0.0984    hit@10 : 0.1984    precision@10 : 0.0215
Thu 03 Sep 2026 06:21:44 INFO  Finished training, best eval result in epoch 6
Thu 03 Sep 2026 06:21:44 INFO  Loading model structure and parameters from saved/AdaKG-Sep-03-2026_06-10-36.pth
Thu 03 Sep 2026 06:21:52 INFO  [BEST-VALID] : OrderedDict([('recall@10', 0.2193), ('mrr@10', 0.1136), ('ndcg@10', 0.1304), ('hit@10', 0.2585), ('precision@10', 0.0278)]) (score=0.219300)
Thu 03 Sep 2026 06:21:52 INFO  [TEST] : OrderedDict([('recall@10', 0.2255), ('mrr@10', 0.1202), ('ndcg@10', 0.1369), ('hit@10', 0.2613), ('precision@10', 0.0281)])
